FOLLOW(S043eSc) = { $, F043eSc }
FOLLOW(ABCCDF043eSc) = { $, F043eSc }
FOLLOW(ABC043eSc) = { F043eSc }
FOLLOW(CDF043eSc) = { $, F043eSc }
FOLLOW(AB043eSc) = { F043eSc }
FOLLOW(C043eSc) = { F043eSc }
FOLLOW(A043eSc) = { F043eSc }
FOLLOW(B043eSc) = { F043eSc }
FOLLOW(CD043eSc) = { F043eSc }
FOLLOW(D043eSc) = { F043eSc }
