FOLLOW(S0043eSc) = { $ }
FOLLOW(a043eSc) = { $ }
FOLLOW(b043eSc) = { $ }
FOLLOW(c043eSc) = { $ }
FOLLOW(d043eSc) = { $ }
FOLLOW(e043eSc) = { $ }
FOLLOW(f043eSc) = { $ }
FOLLOW(g043eSc) = { $ }
FOLLOW(h043eSc) = { $ }
FOLLOW(i043eSc) = { $ }
FOLLOW(j043eSc) = { $ }
FOLLOW(k043eSc) = { $ }
FOLLOW(l043eSc) = { $ }
FOLLOW(m043eSc) = { $ }
FOLLOW(n043eSc) = { $ }
FOLLOW(o043eSc) = { $ }
FOLLOW(p043eSc) = { $ }
FOLLOW(q043eSc) = { $ }
FOLLOW(r043eSc) = { $ }
FOLLOW(s043eSc) = { $ }
FOLLOW(t043eSc) = { $ }
FOLLOW(u043eSc) = { $ }
FOLLOW(v043eSc) = { $ }
FOLLOW(w043eSc) = { $ }
FOLLOW(x043eSc) = { $ }
FOLLOW(y043eSc) = { $ }
FOLLOW(z043eSc) = { $ }
FOLLOW(A043eSc) = { $ }
FOLLOW(B043eSc) = { $ }
FOLLOW(C043eSc) = { $ }
FOLLOW(D043eSc) = { $ }
FOLLOW(E043eSc) = { $ }
FOLLOW(F043eSc) = { $ }
FOLLOW(G043eSc) = { $ }
FOLLOW(H043eSc) = { $ }
FOLLOW(I043eSc) = { $ }
FOLLOW(J043eSc) = { $ }
FOLLOW(K043eSc) = { $ }
FOLLOW(L043eSc) = { $ }
FOLLOW(M043eSc) = { $ }
FOLLOW(N043eSc) = { $ }
FOLLOW(O043eSc) = { $ }
FOLLOW(P043eSc) = { $ }
FOLLOW(Q043eSc) = { $ }
FOLLOW(R043eSc) = { $ }
FOLLOW(S043eSc) = { $ }
FOLLOW(T043eSc) = { $ }
FOLLOW(U043eSc) = { $ }
FOLLOW(V043eSc) = { $ }
FOLLOW(W043eSc) = { $ }
FOLLOW(X043eSc) = { $ }
FOLLOW(Y043eSc) = { $ }
FOLLOW(Z043eSc) = { $ }
