FIRST(S0043eSc) = { gj043eSc }
FIRST(a043eSc) = { gj043eSc }
FIRST(b043eSc) = { gj043eSc }
FIRST(c043eSc) = { gj043eSc }
FIRST(d043eSc) = { gj043eSc }
FIRST(e043eSc) = { gj043eSc }
FIRST(f043eSc) = { gj043eSc }
FIRST(g043eSc) = { gj043eSc }
FIRST(h043eSc) = { gj043eSc }
FIRST(i043eSc) = { gj043eSc }
FIRST(j043eSc) = { gj043eSc }
FIRST(k043eSc) = { gj043eSc }
FIRST(l043eSc) = { gj043eSc }
FIRST(m043eSc) = { gj043eSc }
FIRST(n043eSc) = { gj043eSc }
FIRST(o043eSc) = { gj043eSc }
FIRST(p043eSc) = { gj043eSc }
FIRST(q043eSc) = { gj043eSc }
FIRST(r043eSc) = { gj043eSc }
FIRST(s043eSc) = { gj043eSc }
FIRST(t043eSc) = { gj043eSc }
FIRST(u043eSc) = { gj043eSc }
FIRST(v043eSc) = { gj043eSc }
FIRST(w043eSc) = { gj043eSc }
FIRST(x043eSc) = { gj043eSc }
FIRST(y043eSc) = { gj043eSc }
FIRST(z043eSc) = { gj043eSc }
FIRST(A043eSc) = { gj043eSc }
FIRST(B043eSc) = { gj043eSc }
FIRST(C043eSc) = { gj043eSc }
FIRST(D043eSc) = { gj043eSc }
FIRST(E043eSc) = { gj043eSc }
FIRST(F043eSc) = { gj043eSc }
FIRST(G043eSc) = { gj043eSc }
FIRST(H043eSc) = { gj043eSc }
FIRST(I043eSc) = { gj043eSc }
FIRST(J043eSc) = { gj043eSc }
FIRST(K043eSc) = { gj043eSc }
FIRST(L043eSc) = { gj043eSc }
FIRST(M043eSc) = { gj043eSc }
FIRST(N043eSc) = { gj043eSc }
FIRST(O043eSc) = { gj043eSc }
FIRST(P043eSc) = { gj043eSc }
FIRST(Q043eSc) = { gj043eSc }
FIRST(R043eSc) = { gj043eSc }
FIRST(S043eSc) = { gj043eSc }
FIRST(T043eSc) = { gj043eSc }
FIRST(U043eSc) = { gj043eSc }
FIRST(V043eSc) = { gj043eSc }
FIRST(W043eSc) = { gj043eSc }
FIRST(X043eSc) = { gj043eSc }
FIRST(Y043eSc) = { gj043eSc }
FIRST(Z043eSc) = { gj043eSc }
