FOLLOW(X043eSc) = { $, k043eSc, j043eSc }
FOLLOW(Y043eSc) = { }
FOLLOW(Z043eSc) = { $, k043eSc, j043eSc }
FOLLOW(F043eSc) = { k043eSc }
FOLLOW(Q043eSc) = { z043eSc, i043eSc, q043eSc, k043eSc, j043eSc }
FOLLOW(P043eSc) = { z043eSc, i043eSc, k043eSc, j043eSc }
FOLLOW(U043eSc) = { k043eSc }
FOLLOW(B043eSc) = { i043eSc, k043eSc, j043eSc }
FOLLOW(S043eSc) = { k043eSc }
FOLLOW(O043eSc) = { k043eSc, n043eSc }
FOLLOW(T043eSc) = { }
FOLLOW(W043eSc) = { $, k043eSc, j043eSc }
FOLLOW(A043eSc) = { k043eSc, t043eSc, n043eSc }
FOLLOW(C043eSc) = { k043eSc }
FOLLOW(R043eSc) = { k043eSc }
FOLLOW(E043eSc) = { z043eSc, i043eSc, q043eSc, k043eSc, j043eSc }
FOLLOW(V043eSc) = { }
FOLLOW(D043eSc) = { k043eSc, d043eSc }
FOLLOW(H043eSc) = { k043eSc, j043eSc }
FOLLOW(I043eSc) = { k043eSc, j043eSc }
FOLLOW(G043eSc) = { k043eSc }
