FIRST(X043eSc) = { }
FIRST(Y043eSc) = { }
FIRST(Z043eSc) = { }
FIRST(F043eSc) = { }
FIRST(Q043eSc) = { k043eSc }
FIRST(P043eSc) = { k043eSc }
FIRST(U043eSc) = { }
FIRST(B043eSc) = { k043eSc }
FIRST(S043eSc) = { }
FIRST(O043eSc) = { }
FIRST(T043eSc) = { }
FIRST(W043eSc) = { }
FIRST(A043eSc) = { k043eSc }
FIRST(C043eSc) = { k043eSc }
FIRST(R043eSc) = { k043eSc }
FIRST(E043eSc) = { k043eSc }
FIRST(V043eSc) = { }
FIRST(D043eSc) = { k043eSc }
FIRST(H043eSc) = { k043eSc }
FIRST(I043eSc) = { k043eSc }
FIRST(G043eSc) = { k043eSc }
